#
# There is insufficient memory for the Java Runtime Environment to continue.
# Native memory allocation (malloc) failed to allocate 328496 bytes. Error detail: Chunk::new
# Possible reasons:
#   The system is out of physical RAM or swap space
#   This process is running with CompressedOops enabled, and the Java Heap may be blocking the growth of the native heap
# Possible solutions:
#   Reduce memory load on the system
#   Increase physical memory or swap space
#   Check if swap backing store is full
#   Decrease Java heap size (-Xmx/-Xms)
#   Decrease number of Java threads
#   Decrease Java thread stack sizes (-Xss)
#   Set larger code cache with -XX:ReservedCodeCacheSize=
#   JVM is running with Unscaled Compressed Oops mode in which the Java heap is
#     placed in the first 4GB address space. The Java Heap base address is the
#     maximum limit for the native heap growth. Please use -XX:HeapBaseMinAddress
#     to set the Java Heap base and to place the Java Heap above 4GB virtual address.
# This output file may be truncated or incomplete.
#
#  Out of Memory Error (arena.cpp:168), pid=10744, tid=13912
#
# JRE version: OpenJDK Runtime Environment Temurin-21.0.10+7 (21.0.10+7) (build 21.0.10+7-LTS)
# Java VM: OpenJDK 64-Bit Server VM Temurin-21.0.10+7 (21.0.10+7-LTS, mixed mode, sharing, tiered, compressed oops, compressed class ptrs, parallel gc, windows-amd64)
# No core dump will be written. Minidumps are not enabled by default on client versions of Windows
#

---------------  S U M M A R Y ------------

Command Line: --add-modules=ALL-SYSTEM --add-opens=java.base/java.util=ALL-UNNAMED --add-opens=java.base/java.lang=ALL-UNNAMED --add-opens=java.base/sun.nio.fs=ALL-UNNAMED -Declipse.application=org.eclipse.jdt.ls.core.id1 -Dosgi.bundles.defaultStartLevel=4 -Declipse.product=org.eclipse.jdt.ls.core.product -Djava.import.generatesMetadataFilesAtProjectRoot=false -DDetectVMInstallationsJob.disabled=true -Dfile.encoding=utf8 -XX:+UseParallelGC -XX:GCTimeRatio=4 -XX:AdaptiveSizePolicyWeight=90 -Dsun.zip.disableMemoryMapping=true -Xmx2G -Xms100m -Xlog:disable -javaagent:c:\Users\devip\.antigravity-ide\extensions\redhat.java-1.54.0-win32-x64\lombok\lombok-1.18.39-4050.jar -XX:+HeapDumpOnOutOfMemoryError -XX:HeapDumpPath=c:\Users\devip\AppData\Roaming\Antigravity IDE\User\workspaceStorage\3ffd7fcce5923e144a1c7dc54c266ad5\redhat.java -Daether.dependencyCollector.impl=bf c:\Users\devip\.antigravity-ide\extensions\redhat.java-1.54.0-win32-x64\server\plugins\org.eclipse.equinox.launcher_1.7.100.v20251111-0406.jar -configuration c:\Users\devip\AppData\Roaming\Antigravity IDE\User\globalStorage\redhat.java\1.54.0\config_win -data c:\Users\devip\AppData\Roaming\Antigravity IDE\User\workspaceStorage\3ffd7fcce5923e144a1c7dc54c266ad5\redhat.java\jdt_ws --pipe=\\.\pipe\lsp-4563ea9988676d2f6e28e04edd85177d-sock

Host: AMD Ryzen 5 7520U with Radeon Graphics         , 8 cores, 15G,  Windows 11 , 64 bit Build 26100 (10.0.26100.8328)
Time: Fri Jun 26 15:30:32 2026 India Standard Time elapsed time: 19.186119 seconds (0d 0h 0m 19s)

---------------  T H R E A D  ---------------

Current thread (0x0000028249a6be50):  JavaThread "C2 CompilerThread0" daemon [_thread_in_native, id=13912, stack(0x000000fe4e500000,0x000000fe4e600000) (1024K)]


Current CompileTask:
C2:19186 3741   !   4       org.eclipse.osgi.storage.bundlefile.CloseableBundleFile::getEntry (28 bytes)

Stack: [0x000000fe4e500000,0x000000fe4e600000]
Native frames: (J=compiled Java code, j=interpreted, Vv=VM code, C=native code)
V  [jvm.dll+0x6d7a39]
V  [jvm.dll+0x8b4b26]
V  [jvm.dll+0x8b70de]
V  [jvm.dll+0x8b77c3]
V  [jvm.dll+0x284346]
V  [jvm.dll+0xc66ed]
V  [jvm.dll+0xc6c31]
V  [jvm.dll+0x3bec01]
V  [jvm.dll+0x38b162]
V  [jvm.dll+0x38a5aa]
V  [jvm.dll+0x24c560]
V  [jvm.dll+0x24bb40]
V  [jvm.dll+0x1cb34e]
V  [jvm.dll+0x25b85d]
V  [jvm.dll+0x259dea]
V  [jvm.dll+0x3f857e]
V  [jvm.dll+0x85f59d]
V  [jvm.dll+0x6d626d]
C  [ucrtbase.dll+0x37b0]
C  [KERNEL32.DLL+0x2e957]
C  [ntdll.dll+0x427c]


---------------  P R O C E S S  ---------------

Threads class SMR info:
_java_thread_list=0x00000282674aade0, length=21, elements={
0x0000028247708ad0, 0x0000028249a5eec0, 0x0000028249a611b0, 0x0000028249a635d0,
0x0000028249a677e0, 0x0000028249a6a5b0, 0x0000028249a6b010, 0x0000028249a6be50,
0x000002826600c090, 0x0000028266202440, 0x0000028266338290, 0x0000028266970120,
0x0000028266990fc0, 0x0000028266a525c0, 0x0000028266661e30, 0x0000028267246790,
0x0000028266965450, 0x0000028266e775f0, 0x0000028266c81d70, 0x0000028266c82a90,
0x0000028266c82400
}

Java Threads: ( => current thread )
  0x0000028247708ad0 JavaThread "main"                              [_thread_blocked, id=16628, stack(0x000000fe4db00000,0x000000fe4dc00000) (1024K)]
  0x0000028249a5eec0 JavaThread "Reference Handler"          daemon [_thread_blocked, id=24108, stack(0x000000fe4df00000,0x000000fe4e000000) (1024K)]
  0x0000028249a611b0 JavaThread "Finalizer"                  daemon [_thread_blocked, id=7044, stack(0x000000fe4e000000,0x000000fe4e100000) (1024K)]
  0x0000028249a635d0 JavaThread "Signal Dispatcher"          daemon [_thread_blocked, id=7828, stack(0x000000fe4e100000,0x000000fe4e200000) (1024K)]
  0x0000028249a677e0 JavaThread "Attach Listener"            daemon [_thread_blocked, id=21840, stack(0x000000fe4e200000,0x000000fe4e300000) (1024K)]
  0x0000028249a6a5b0 JavaThread "Service Thread"             daemon [_thread_blocked, id=14100, stack(0x000000fe4e300000,0x000000fe4e400000) (1024K)]
  0x0000028249a6b010 JavaThread "Monitor Deflation Thread"   daemon [_thread_blocked, id=26776, stack(0x000000fe4e400000,0x000000fe4e500000) (1024K)]
=>0x0000028249a6be50 JavaThread "C2 CompilerThread0"         daemon [_thread_in_native, id=13912, stack(0x000000fe4e500000,0x000000fe4e600000) (1024K)]
  0x000002826600c090 JavaThread "C1 CompilerThread0"         daemon [_thread_blocked, id=16556, stack(0x000000fe4e600000,0x000000fe4e700000) (1024K)]
  0x0000028266202440 JavaThread "Common-Cleaner"             daemon [_thread_blocked, id=26260, stack(0x000000fe4e700000,0x000000fe4e800000) (1024K)]
  0x0000028266338290 JavaThread "Notification Thread"        daemon [_thread_blocked, id=7348, stack(0x000000fe4e800000,0x000000fe4e900000) (1024K)]
  0x0000028266970120 JavaThread "Active Thread: Equinox Container: 2241927e-54ab-40fe-aee3-59309c16f597"        [_thread_blocked, id=23600, stack(0x000000fe4e900000,0x000000fe4ea00000) (1024K)]
  0x0000028266990fc0 JavaThread "Refresh Thread: Equinox Container: 2241927e-54ab-40fe-aee3-59309c16f597" daemon [_thread_blocked, id=26160, stack(0x000000fe4f100000,0x000000fe4f200000) (1024K)]
  0x0000028266a525c0 JavaThread "Framework Event Dispatcher: Equinox Container: 2241927e-54ab-40fe-aee3-59309c16f597" daemon [_thread_blocked, id=20940, stack(0x000000fe4f200000,0x000000fe4f300000) (1024K)]
  0x0000028266661e30 JavaThread "Start Level: Equinox Container: 2241927e-54ab-40fe-aee3-59309c16f597" daemon [_thread_in_vm, id=18892, stack(0x000000fe4f300000,0x000000fe4f400000) (1024K)]
  0x0000028267246790 JavaThread "Bundle File Closer"         daemon [_thread_blocked, id=21600, stack(0x000000fe4f400000,0x000000fe4f500000) (1024K)]
  0x0000028266965450 JavaThread "SCR Component Actor"        daemon [_thread_blocked, id=17168, stack(0x000000fe4f500000,0x000000fe4f600000) (1024K)]
  0x0000028266e775f0 JavaThread "Worker-JM"                         [_thread_blocked, id=9796, stack(0x000000fe4f600000,0x000000fe4f700000) (1024K)]
  0x0000028266c81d70 JavaThread "JNA Cleaner"                daemon [_thread_blocked, id=5044, stack(0x000000fe4f700000,0x000000fe4f800000) (1024K)]
  0x0000028266c82a90 JavaThread "Worker-0: Checking project encoding"        [_thread_blocked, id=10184, stack(0x000000fe4f800000,0x000000fe4f900000) (1024K)]
  0x0000028266c82400 JavaThread "Worker-1"                          [_thread_blocked, id=23308, stack(0x000000fe4f900000,0x000000fe4fa00000) (1024K)]
Total: 21

Other Threads:
  0x0000028249a42650 VMThread "VM Thread"                           [id=13988, stack(0x000000fe4de00000,0x000000fe4df00000) (1024K)]
  0x000002824997ba00 WatcherThread "VM Periodic Task Thread"        [id=4424, stack(0x000000fe4dd00000,0x000000fe4de00000) (1024K)]
  0x0000028249b0b940 WorkerThread "GC Thread#0"                     [id=13204, stack(0x000000fe4dc00000,0x000000fe4dd00000) (1024K)]
  0x0000028266916000 WorkerThread "GC Thread#1"                     [id=22100, stack(0x000000fe4ea00000,0x000000fe4eb00000) (1024K)]
  0x0000028266915140 WorkerThread "GC Thread#2"                     [id=22128, stack(0x000000fe4eb00000,0x000000fe4ec00000) (1024K)]
  0x0000028266914630 WorkerThread "GC Thread#3"                     [id=7660, stack(0x000000fe4ec00000,0x000000fe4ed00000) (1024K)]
  0x00000282669149e0 WorkerThread "GC Thread#4"                     [id=22844, stack(0x000000fe4ed00000,0x000000fe4ee00000) (1024K)]
  0x00000282669154f0 WorkerThread "GC Thread#5"                     [id=17588, stack(0x000000fe4ee00000,0x000000fe4ef00000) (1024K)]
  0x0000028266914d90 WorkerThread "GC Thread#6"                     [id=18372, stack(0x000000fe4ef00000,0x000000fe4f000000) (1024K)]
  0x0000028266915c50 WorkerThread "GC Thread#7"                     [id=25528, stack(0x000000fe4f000000,0x000000fe4f100000) (1024K)]
Total: 10

Threads with active compile tasks:
C2 CompilerThread0  19224 3741   !   4       org.eclipse.osgi.storage.bundlefile.CloseableBundleFile::getEntry (28 bytes)
Total: 1

VM state: not at safepoint (normal execution)

VM Mutex/Monitor currently owned by a thread: None

Heap address: 0x0000000080000000, size: 2048 MB, Compressed Oops mode: 32-bit

CDS archive(s) mapped at: [0x0000028200000000-0x0000028200ba0000-0x0000028200ba0000), size 12189696, SharedBaseAddress: 0x0000028200000000, ArchiveRelocationMode: 1.
Compressed class space mapped at: 0x0000028201000000-0x0000028241000000, reserved size: 1073741824
Narrow klass base: 0x0000028200000000, Narrow klass shift: 0, Narrow klass range: 0x100000000

GC Precious Log:
 CardTable entry size: 512
 CPUs: 8 total, 8 available
 Memory: 15610M
 Large Page Support: Disabled
 NUMA Support: Disabled
 Compressed Oops: Enabled (32-bit)
 Alignments: Space 512K, Generation 512K, Heap 2M
 Heap Min Capacity: 100M
 Heap Initial Capacity: 100M
 Heap Max Capacity: 2G
 Pre-touch: Disabled
 Parallel Workers: 8

Heap:
 PSYoungGen      total 30208K, used 18874K [0x00000000d5580000, 0x00000000d7900000, 0x0000000100000000)
  eden space 24576K, 55% used [0x00000000d5580000,0x00000000d62e54a0,0x00000000d6d80000)
  from space 5632K, 91% used [0x00000000d7380000,0x00000000d78893c8,0x00000000d7900000)
  to   space 5632K, 0% used [0x00000000d6e00000,0x00000000d6e00000,0x00000000d7380000)
 ParOldGen       total 68608K, used 7971K [0x0000000080000000, 0x0000000084300000, 0x00000000d5580000)
  object space 68608K, 11% used [0x0000000080000000,0x00000000807c8d40,0x0000000084300000)
 Metaspace       used 19850K, committed 20800K, reserved 1114112K
  class space    used 2088K, committed 2496K, reserved 1048576K

Card table byte_map: [0x0000028249490000,0x00000282498a0000] _byte_map_base: 0x0000028249090000

Marking Bits: (ParMarkBitMap*) 0x00007ffa58e53450
 Begin Bits: [0x000002825bfa0000, 0x000002825dfa0000)
 End Bits:   [0x000002825dfa0000, 0x000002825ffa0000)

Polling page: 0x0000028247900000

Metaspace:

Usage:
  Non-class:     17.35 MB used.
      Class:      2.04 MB used.
       Both:     19.38 MB used.

Virtual space:
  Non-class space:       64.00 MB reserved,      17.88 MB ( 28%) committed,  1 nodes.
      Class space:        1.00 GB reserved,       2.44 MB ( <1%) committed,  1 nodes.
             Both:        1.06 GB reserved,      20.31 MB (  2%) committed. 

Chunk freelists:
   Non-Class:  13.34 MB
       Class:  13.48 MB
        Both:  26.81 MB

MaxMetaspaceSize: unlimited
CompressedClassSpaceSize: 1.00 GB
Initial GC threshold: 21.00 MB
Current GC threshold: 21.00 MB
CDS: on
 - commit_granule_bytes: 65536.
 - commit_granule_words: 8192.
 - virtual_space_node_default_size: 8388608.
 - enlarge_chunks_in_place: 1.
 - use_allocation_guard: 0.


Internal statistics:

num_allocs_failed_limit: 0.
num_arena_births: 596.
num_arena_deaths: 0.
num_vsnodes_births: 2.
num_vsnodes_deaths: 0.
num_space_committed: 325.
num_space_uncommitted: 0.
num_chunks_returned_to_freelist: 0.
num_chunks_taken_from_freelist: 1388.
num_chunk_merges: 0.
num_chunk_splits: 873.
num_chunks_enlarged: 541.
num_inconsistent_stats: 0.

CodeHeap 'non-profiled nmethods': size=120000Kb used=1651Kb max_used=1651Kb free=118348Kb
 bounds [0x00000282547c0000, 0x0000028254a30000, 0x000002825bcf0000]
CodeHeap 'profiled nmethods': size=120000Kb used=7766Kb max_used=7766Kb free=112233Kb
 bounds [0x000002824ccf0000, 0x000002824d490000, 0x0000028254220000]
CodeHeap 'non-nmethods': size=5760Kb used=1281Kb max_used=1323Kb free=4478Kb
 bounds [0x0000028254220000, 0x0000028254490000, 0x00000282547c0000]
CodeCache: size=245760Kb, used=10698Kb, max_used=10740Kb, free=235059Kb
 total_blobs=4309, nmethods=3749, adapters=466, full_count=0
Compilation: enabled, stopped_count=0, restarted_count=0

Compilation events (20 events):
Event: 19.131 Thread 0x000002826600c090 nmethod 3722 0x000002824d47bc90 code [0x000002824d47bee0, 0x000002824d47c910]
Event: 19.131 Thread 0x000002826600c090 3705       3       sun.util.locale.LanguageTag::isRegion (36 bytes)
Event: 19.133 Thread 0x000002826600c090 nmethod 3705 0x000002824d47cd10 code [0x000002824d47d020, 0x000002824d47e2f0]
Event: 19.141 Thread 0x0000028249a6be50 3739       4       java.lang.StringConcatHelper::newString (67 bytes)
Event: 19.143 Thread 0x0000028249a6be50 nmethod 3739 0x000002825495c290 code [0x000002825495c420, 0x000002825495c530]
Event: 19.143 Thread 0x0000028249a6be50 3740   !   4       java.util.zip.ZipFile::getEntry (59 bytes)
Event: 19.146 Thread 0x0000028249a6be50 nmethod 3740 0x000002825495c610 code [0x000002825495c7c0, 0x000002825495cb68]
Event: 19.146 Thread 0x0000028249a6be50 3741   !   4       org.eclipse.osgi.storage.bundlefile.CloseableBundleFile::getEntry (28 bytes)
Event: 19.167 Thread 0x000002826600c090 3742       3       java.util.zip.Inflater$InflaterZStreamRef::clean (10 bytes)
Event: 19.167 Thread 0x000002826600c090 nmethod 3742 0x000002824d47e990 code [0x000002824d47eb80, 0x000002824d47ef80]
Event: 19.167 Thread 0x000002826600c090 3743  s    3       java.util.zip.Inflater$InflaterZStreamRef::run (21 bytes)
Event: 19.168 Thread 0x000002826600c090 nmethod 3743 0x000002824d47f110 code [0x000002824d47f2c0, 0x000002824d47f500]
Event: 19.174 Thread 0x000002826600c090 3745       3       java.lang.reflect.Method::<init> (68 bytes)
Event: 19.174 Thread 0x000002826600c090 nmethod 3745 0x000002824d47f610 code [0x000002824d47f7c0, 0x000002824d47fad0]
Event: 19.175 Thread 0x000002826600c090 3746       3       java.nio.file.Files::provider (10 bytes)
Event: 19.176 Thread 0x000002826600c090 nmethod 3746 0x000002824d47fc10 code [0x000002824d47fdc0, 0x000002824d47ff98]
Event: 19.176 Thread 0x000002826600c090 3747       3       sun.nio.fs.WindowsPath::getFileSystem (5 bytes)
Event: 19.176 Thread 0x000002826600c090 nmethod 3747 0x000002824d480090 code [0x000002824d480220, 0x000002824d4803c8]
Event: 19.176 Thread 0x000002826600c090 3748       3       sun.nio.fs.WindowsPath::toWindowsPath (32 bytes)
Event: 19.177 Thread 0x000002826600c090 nmethod 3748 0x000002824d480490 code [0x000002824d480660, 0x000002824d480ae8]

GC Heap History (12 events):
Event: 3.800 GC heap before
{Heap before GC invocations=1 (full 0):
 PSYoungGen      total 29696K, used 25600K [0x00000000d5580000, 0x00000000d7680000, 0x0000000100000000)
  eden space 25600K, 100% used [0x00000000d5580000,0x00000000d6e80000,0x00000000d6e80000)
  from space 4096K, 0% used [0x00000000d7280000,0x00000000d7280000,0x00000000d7680000)
  to   space 4096K, 0% used [0x00000000d6e80000,0x00000000d6e80000,0x00000000d7280000)
 ParOldGen       total 68608K, used 0K [0x0000000080000000, 0x0000000084300000, 0x00000000d5580000)
  object space 68608K, 0% used [0x0000000080000000,0x0000000080000000,0x0000000084300000)
 Metaspace       used 4354K, committed 4608K, reserved 1114112K
  class space    used 473K, committed 576K, reserved 1048576K
}
Event: 3.823 GC heap after
{Heap after GC invocations=1 (full 0):
 PSYoungGen      total 29696K, used 3303K [0x00000000d5580000, 0x00000000d7680000, 0x0000000100000000)
  eden space 25600K, 0% used [0x00000000d5580000,0x00000000d5580000,0x00000000d6e80000)
  from space 4096K, 80% used [0x00000000d6e80000,0x00000000d71b9e98,0x00000000d7280000)
  to   space 4096K, 0% used [0x00000000d7280000,0x00000000d7280000,0x00000000d7680000)
 ParOldGen       total 68608K, used 8K [0x0000000080000000, 0x0000000084300000, 0x00000000d5580000)
  object space 68608K, 0% used [0x0000000080000000,0x0000000080002000,0x0000000084300000)
 Metaspace       used 4354K, committed 4608K, reserved 1114112K
  class space    used 473K, committed 576K, reserved 1048576K
}
Event: 7.559 GC heap before
{Heap before GC invocations=2 (full 0):
 PSYoungGen      total 29696K, used 28903K [0x00000000d5580000, 0x00000000d7680000, 0x0000000100000000)
  eden space 25600K, 100% used [0x00000000d5580000,0x00000000d6e80000,0x00000000d6e80000)
  from space 4096K, 80% used [0x00000000d6e80000,0x00000000d71b9e98,0x00000000d7280000)
  to   space 4096K, 0% used [0x00000000d7280000,0x00000000d7280000,0x00000000d7680000)
 ParOldGen       total 68608K, used 8K [0x0000000080000000, 0x0000000084300000, 0x00000000d5580000)
  object space 68608K, 0% used [0x0000000080000000,0x0000000080002000,0x0000000084300000)
 Metaspace       used 8012K, committed 8256K, reserved 1114112K
  class space    used 828K, committed 960K, reserved 1048576K
}
Event: 7.569 GC heap after
{Heap after GC invocations=2 (full 0):
 PSYoungGen      total 29696K, used 4071K [0x00000000d5580000, 0x00000000d7680000, 0x0000000100000000)
  eden space 25600K, 0% used [0x00000000d5580000,0x00000000d5580000,0x00000000d6e80000)
  from space 4096K, 99% used [0x00000000d7280000,0x00000000d7679e98,0x00000000d7680000)
  to   space 4096K, 0% used [0x00000000d6e80000,0x00000000d6e80000,0x00000000d7280000)
 ParOldGen       total 68608K, used 2053K [0x0000000080000000, 0x0000000084300000, 0x00000000d5580000)
  object space 68608K, 2% used [0x0000000080000000,0x00000000802017d0,0x0000000084300000)
 Metaspace       used 8012K, committed 8256K, reserved 1114112K
  class space    used 828K, committed 960K, reserved 1048576K
}
Event: 9.418 GC heap before
{Heap before GC invocations=3 (full 0):
 PSYoungGen      total 29696K, used 29671K [0x00000000d5580000, 0x00000000d7680000, 0x0000000100000000)
  eden space 25600K, 100% used [0x00000000d5580000,0x00000000d6e80000,0x00000000d6e80000)
  from space 4096K, 99% used [0x00000000d7280000,0x00000000d7679e98,0x00000000d7680000)
  to   space 4096K, 0% used [0x00000000d6e80000,0x00000000d6e80000,0x00000000d7280000)
 ParOldGen       total 68608K, used 2053K [0x0000000080000000, 0x0000000084300000, 0x00000000d5580000)
  object space 68608K, 2% used [0x0000000080000000,0x00000000802017d0,0x0000000084300000)
 Metaspace       used 9476K, committed 9792K, reserved 1114112K
  class space    used 1007K, committed 1152K, reserved 1048576K
}
Event: 9.427 GC heap after
{Heap after GC invocations=3 (full 0):
 PSYoungGen      total 29696K, used 4091K [0x00000000d5580000, 0x00000000d7680000, 0x0000000100000000)
  eden space 25600K, 0% used [0x00000000d5580000,0x00000000d5580000,0x00000000d6e80000)
  from space 4096K, 99% used [0x00000000d6e80000,0x00000000d727ef40,0x00000000d7280000)
  to   space 4096K, 0% used [0x00000000d7280000,0x00000000d7280000,0x00000000d7680000)
 ParOldGen       total 68608K, used 5019K [0x0000000080000000, 0x0000000084300000, 0x00000000d5580000)
  object space 68608K, 7% used [0x0000000080000000,0x00000000804e6de0,0x0000000084300000)
 Metaspace       used 9476K, committed 9792K, reserved 1114112K
  class space    used 1007K, committed 1152K, reserved 1048576K
}
Event: 13.311 GC heap before
{Heap before GC invocations=4 (full 0):
 PSYoungGen      total 29696K, used 29691K [0x00000000d5580000, 0x00000000d7680000, 0x0000000100000000)
  eden space 25600K, 100% used [0x00000000d5580000,0x00000000d6e80000,0x00000000d6e80000)
  from space 4096K, 99% used [0x00000000d6e80000,0x00000000d727ef40,0x00000000d7280000)
  to   space 4096K, 0% used [0x00000000d7280000,0x00000000d7280000,0x00000000d7680000)
 ParOldGen       total 68608K, used 5019K [0x0000000080000000, 0x0000000084300000, 0x00000000d5580000)
  object space 68608K, 7% used [0x0000000080000000,0x00000000804e6de0,0x0000000084300000)
 Metaspace       used 11745K, committed 12096K, reserved 1114112K
  class space    used 1231K, committed 1408K, reserved 1048576K
}
Event: 13.318 GC heap after
{Heap after GC invocations=4 (full 0):
 PSYoungGen      total 29696K, used 4068K [0x00000000d5580000, 0x00000000d7680000, 0x0000000100000000)
  eden space 25600K, 0% used [0x00000000d5580000,0x00000000d5580000,0x00000000d6e80000)
  from space 4096K, 99% used [0x00000000d7280000,0x00000000d7679170,0x00000000d7680000)
  to   space 4096K, 0% used [0x00000000d6e80000,0x00000000d6e80000,0x00000000d7280000)
 ParOldGen       total 68608K, used 6867K [0x0000000080000000, 0x0000000084300000, 0x00000000d5580000)
  object space 68608K, 10% used [0x0000000080000000,0x00000000806b4d20,0x0000000084300000)
 Metaspace       used 11745K, committed 12096K, reserved 1114112K
  class space    used 1231K, committed 1408K, reserved 1048576K
}
Event: 15.616 GC heap before
{Heap before GC invocations=5 (full 0):
 PSYoungGen      total 29696K, used 29668K [0x00000000d5580000, 0x00000000d7680000, 0x0000000100000000)
  eden space 25600K, 100% used [0x00000000d5580000,0x00000000d6e80000,0x00000000d6e80000)
  from space 4096K, 99% used [0x00000000d7280000,0x00000000d7679170,0x00000000d7680000)
  to   space 4096K, 0% used [0x00000000d6e80000,0x00000000d6e80000,0x00000000d7280000)
 ParOldGen       total 68608K, used 6867K [0x0000000080000000, 0x0000000084300000, 0x00000000d5580000)
  object space 68608K, 10% used [0x0000000080000000,0x00000000806b4d20,0x0000000084300000)
 Metaspace       used 15644K, committed 16320K, reserved 1114112K
  class space    used 1612K, committed 1920K, reserved 1048576K
}
Event: 15.623 GC heap after
{Heap after GC invocations=5 (full 0):
 PSYoungGen      total 29184K, used 4086K [0x00000000d5580000, 0x00000000d7900000, 0x0000000100000000)
  eden space 25088K, 0% used [0x00000000d5580000,0x00000000d5580000,0x00000000d6e00000)
  from space 4096K, 99% used [0x00000000d6e80000,0x00000000d727d908,0x00000000d7280000)
  to   space 5632K, 0% used [0x00000000d7380000,0x00000000d7380000,0x00000000d7900000)
 ParOldGen       total 68608K, used 7963K [0x0000000080000000, 0x0000000084300000, 0x00000000d5580000)
  object space 68608K, 11% used [0x0000000080000000,0x00000000807c6d40,0x0000000084300000)
 Metaspace       used 15644K, committed 16320K, reserved 1114112K
  class space    used 1612K, committed 1920K, reserved 1048576K
}
Event: 18.075 GC heap before
{Heap before GC invocations=6 (full 0):
 PSYoungGen      total 29184K, used 29126K [0x00000000d5580000, 0x00000000d7900000, 0x0000000100000000)
  eden space 25088K, 99% used [0x00000000d5580000,0x00000000d6df3f28,0x00000000d6e00000)
  from space 4096K, 99% used [0x00000000d6e80000,0x00000000d727d908,0x00000000d7280000)
  to   space 5632K, 0% used [0x00000000d7380000,0x00000000d7380000,0x00000000d7900000)
 ParOldGen       total 68608K, used 7963K [0x0000000080000000, 0x0000000084300000, 0x00000000d5580000)
  object space 68608K, 11% used [0x0000000080000000,0x00000000807c6d40,0x0000000084300000)
 Metaspace       used 18813K, committed 19712K, reserved 1114112K
  class space    used 1975K, committed 2368K, reserved 1048576K
}
Event: 18.084 GC heap after
{Heap after GC invocations=6 (full 0):
 PSYoungGen      total 30208K, used 5156K [0x00000000d5580000, 0x00000000d7900000, 0x0000000100000000)
  eden space 24576K, 0% used [0x00000000d5580000,0x00000000d5580000,0x00000000d6d80000)
  from space 5632K, 91% used [0x00000000d7380000,0x00000000d78893c8,0x00000000d7900000)
  to   space 5632K, 0% used [0x00000000d6e00000,0x00000000d6e00000,0x00000000d7380000)
 ParOldGen       total 68608K, used 7971K [0x0000000080000000, 0x0000000084300000, 0x00000000d5580000)
  object space 68608K, 11% used [0x0000000080000000,0x00000000807c8d40,0x0000000084300000)
 Metaspace       used 18813K, committed 19712K, reserved 1114112K
  class space    used 1975K, committed 2368K, reserved 1048576K
}

Dll operation events (10 events):
Event: 0.047 Loaded shared library c:\Users\devip\.antigravity-ide\extensions\redhat.java-1.54.0-win32-x64\jre\21.0.10-win32-x86_64\bin\java.dll
Event: 0.486 Loaded shared library c:\Users\devip\.antigravity-ide\extensions\redhat.java-1.54.0-win32-x64\jre\21.0.10-win32-x86_64\bin\zip.dll
Event: 0.549 Loaded shared library C:\Users\devip\.antigravity-ide\extensions\redhat.java-1.54.0-win32-x64\jre\21.0.10-win32-x86_64\bin\instrument.dll
Event: 0.577 Loaded shared library C:\Users\devip\.antigravity-ide\extensions\redhat.java-1.54.0-win32-x64\jre\21.0.10-win32-x86_64\bin\net.dll
Event: 0.589 Loaded shared library C:\Users\devip\.antigravity-ide\extensions\redhat.java-1.54.0-win32-x64\jre\21.0.10-win32-x86_64\bin\nio.dll
Event: 0.612 Loaded shared library C:\Users\devip\.antigravity-ide\extensions\redhat.java-1.54.0-win32-x64\jre\21.0.10-win32-x86_64\bin\zip.dll
Event: 0.708 Loaded shared library C:\Users\devip\.antigravity-ide\extensions\redhat.java-1.54.0-win32-x64\jre\21.0.10-win32-x86_64\bin\jimage.dll
Event: 1.377 Loaded shared library c:\Users\devip\.antigravity-ide\extensions\redhat.java-1.54.0-win32-x64\jre\21.0.10-win32-x86_64\bin\verify.dll
Event: 7.746 Loaded shared library C:\Users\devip\AppData\Roaming\Antigravity IDE\User\globalStorage\redhat.java\1.54.0\config_win\org.eclipse.equinox.launcher\org.eclipse.equinox.launcher.win32.win32.x86_64_1.3.0.v20260203-2149\eclipse_11919.dll
Event: 16.222 Loaded shared library C:\Users\devip\AppData\Local\Temp\jna-95477756\jna15811883577335349622.dll

Deoptimization events (20 events):
Event: 18.179 Thread 0x0000028266661e30 DEOPT PACKING pc=0x000002824d043546 sp=0x000000fe4f3f00e0
Event: 18.179 Thread 0x0000028266661e30 DEOPT UNPACKING pc=0x0000028254274242 sp=0x000000fe4f3ef660 mode 0
Event: 18.442 Thread 0x0000028266661e30 DEOPT PACKING pc=0x000002824cdf3d8b sp=0x000000fe4f3f1570
Event: 18.442 Thread 0x0000028266661e30 DEOPT UNPACKING pc=0x0000028254274242 sp=0x000000fe4f3f09e8 mode 0
Event: 19.107 Thread 0x0000028266661e30 Uncommon trap: trap_request=0xffffff45 fr.pc=0x00000282547e6794 relative=0x0000000000000434
Event: 19.107 Thread 0x0000028266661e30 Uncommon trap: reason=unstable_if action=reinterpret pc=0x00000282547e6794 method=java.lang.StringLatin1.canEncode(C)Z @ 4 c2
Event: 19.107 Thread 0x0000028266661e30 DEOPT PACKING pc=0x00000282547e6794 sp=0x000000fe4f3f2e90
Event: 19.107 Thread 0x0000028266661e30 DEOPT UNPACKING pc=0x0000028254273aa2 sp=0x000000fe4f3f2dc0 mode 2
Event: 19.107 Thread 0x0000028266661e30 Uncommon trap: trap_request=0xffffff45 fr.pc=0x0000028254820764 relative=0x0000000000000404
Event: 19.107 Thread 0x0000028266661e30 Uncommon trap: reason=unstable_if action=reinterpret pc=0x0000028254820764 method=java.lang.AbstractStringBuilder.isLatin1()Z @ 10 c2
Event: 19.107 Thread 0x0000028266661e30 DEOPT PACKING pc=0x0000028254820764 sp=0x000000fe4f3f2eb0
Event: 19.107 Thread 0x0000028266661e30 DEOPT UNPACKING pc=0x0000028254273aa2 sp=0x000000fe4f3f2e40 mode 2
Event: 19.107 Thread 0x0000028266661e30 Uncommon trap: trap_request=0xffffff45 fr.pc=0x00000282548b5b8c relative=0x000000000000006c
Event: 19.107 Thread 0x0000028266661e30 Uncommon trap: reason=unstable_if action=reinterpret pc=0x00000282548b5b8c method=java.lang.AbstractStringBuilder.isLatin1()Z @ 10 c2
Event: 19.107 Thread 0x0000028266661e30 DEOPT PACKING pc=0x00000282548b5b8c sp=0x000000fe4f3f2eb0
Event: 19.107 Thread 0x0000028266661e30 DEOPT UNPACKING pc=0x0000028254273aa2 sp=0x000000fe4f3f2e40 mode 2
Event: 19.108 Thread 0x0000028266661e30 Uncommon trap: trap_request=0xffffff45 fr.pc=0x0000028254906f68 relative=0x0000000000000048
Event: 19.108 Thread 0x0000028266661e30 Uncommon trap: reason=unstable_if action=reinterpret pc=0x0000028254906f68 method=java.lang.StringLatin1.canEncode(C)Z @ 4 c2
Event: 19.108 Thread 0x0000028266661e30 DEOPT PACKING pc=0x0000028254906f68 sp=0x000000fe4f3f2e40
Event: 19.108 Thread 0x0000028266661e30 DEOPT UNPACKING pc=0x0000028254273aa2 sp=0x000000fe4f3f2dc8 mode 2

Classes loaded (20 events):
Event: 16.868 Loading class sun/net/www/protocol/jrt/JavaRuntimeURLConnection$1
Event: 16.868 Loading class sun/net/www/protocol/jrt/JavaRuntimeURLConnection$1 done
Event: 16.961 Loading class java/util/function/UnaryOperator
Event: 16.961 Loading class java/util/function/UnaryOperator done
Event: 16.964 Loading class java/util/ServiceConfigurationError
Event: 16.964 Loading class java/util/ServiceConfigurationError done
Event: 17.191 Loading class java/lang/InheritableThreadLocal
Event: 17.191 Loading class java/lang/InheritableThreadLocal done
Event: 17.422 Loading class java/security/AccessControlException
Event: 17.423 Loading class java/security/AccessControlException done
Event: 18.673 Loading class java/lang/StackTraceElement$HashedModules
Event: 18.673 Loading class java/lang/StackTraceElement$HashedModules done
Event: 19.051 Loading class java/text/ParseException
Event: 19.051 Loading class java/text/ParseException done
Event: 19.107 Loading class sun/text/resources/cldr/FormatData_en_US
Event: 19.107 Loading class sun/text/resources/cldr/FormatData_en_US done
Event: 19.124 Loading class java/time/format/DateTimeParseException
Event: 19.124 Loading class java/time/DateTimeException
Event: 19.124 Loading class java/time/DateTimeException done
Event: 19.124 Loading class java/time/format/DateTimeParseException done

Classes unloaded (0 events):
No events

Classes redefined (0 events):
No events

Internal exceptions (20 events):
Event: 15.936 Thread 0x0000028266661e30 Exception <a 'java/lang/NoSuchMethodError'{0x00000000d5a6f9b8}: 'java.lang.Object java.lang.invoke.DirectMethodHandle$Holder.invokeStaticInit(java.lang.Object, int, int, int, int)'> (0x00000000d5a6f9b8) 
thrown [s\src\hotspot\share\interpreter\linkResolver.cpp, line 773]
Event: 16.103 Thread 0x0000028266661e30 Exception <a 'java/lang/NoSuchMethodError'{0x00000000d5b49ec8}: 'java.lang.Object java.lang.invoke.DirectMethodHandle$Holder.invokeStaticInit(java.lang.Object, java.lang.Object, int, int, int, int)'> (0x00000000d5b49ec8) 
thrown [s\src\hotspot\share\interpreter\linkResolver.cpp, line 773]
Event: 16.278 Thread 0x0000028266661e30 Exception <a 'java/lang/NoSuchMethodError'{0x00000000d5c6c208}: 'void java.lang.invoke.DirectMethodHandle$Holder.invokeSpecial(java.lang.Object, java.lang.Object, java.lang.Object, int)'> (0x00000000d5c6c208) 
thrown [s\src\hotspot\share\interpreter\linkResolver.cpp, line 773]
Event: 16.279 Thread 0x0000028266661e30 Exception <a 'java/lang/NoSuchMethodError'{0x00000000d5c6fb98}: 'void java.lang.invoke.DelegatingMethodHandle$Holder.reinvoke_L(java.lang.Object, java.lang.Object, int)'> (0x00000000d5c6fb98) 
thrown [s\src\hotspot\share\interpreter\linkResolver.cpp, line 773]
Event: 16.283 Thread 0x0000028266661e30 Exception <a 'java/lang/NoSuchMethodError'{0x00000000d5c76880}: 'int java.lang.invoke.Invokers$Holder.invokeExact_MT(java.lang.Object, java.lang.Object, java.lang.Object)'> (0x00000000d5c76880) 
thrown [s\src\hotspot\share\interpreter\linkResolver.cpp, line 773]
Event: 16.345 Thread 0x0000028266661e30 Exception <a 'java/lang/NoSuchMethodError'{0x00000000d5d9c1c0}: 'void java.lang.invoke.Invokers$Holder.invokeExact_MT(java.lang.Object, java.lang.Object, int, java.lang.Object)'> (0x00000000d5d9c1c0) 
thrown [s\src\hotspot\share\interpreter\linkResolver.cpp, line 773]
Event: 16.414 Thread 0x0000028266661e30 Exception <a 'java/lang/NoSuchMethodError'{0x00000000d5ea67e0}: 'java.lang.Object java.lang.invoke.DirectMethodHandle$Holder.invokeSpecial(java.lang.Object, java.lang.Object, java.lang.Object, long, java.lang.Object)'> (0x00000000d5ea67e0) 
thrown [s\src\hotspot\share\interpreter\linkResolver.cpp, line 773]
Event: 16.416 Thread 0x0000028266661e30 Exception <a 'java/lang/NoSuchMethodError'{0x00000000d5eae270}: 'java.lang.Object java.lang.invoke.DirectMethodHandle$Holder.newInvokeSpecial(java.lang.Object, java.lang.Object, java.lang.Object, long)'> (0x00000000d5eae270) 
thrown [s\src\hotspot\share\interpreter\linkResolver.cpp, line 773]
Event: 16.423 Thread 0x0000028266661e30 Exception <a 'java/lang/NoSuchMethodError'{0x00000000d5eb2620}: 'java.lang.Object java.lang.invoke.DirectMethodHandle$Holder.invokeSpecial(java.lang.Object, java.lang.Object, java.lang.Object, java.lang.Object, long)'> (0x00000000d5eb2620) 
thrown [s\src\hotspot\share\interpreter\linkResolver.cpp, line 773]
Event: 16.424 Thread 0x0000028266661e30 Exception <a 'java/lang/NoSuchMethodError'{0x00000000d5eb6240}: 'java.lang.Object java.lang.invoke.Invokers$Holder.linkToTargetMethod(java.lang.Object, java.lang.Object, long, java.lang.Object)'> (0x00000000d5eb6240) 
thrown [s\src\hotspot\share\interpreter\linkResolver.cpp, line 773]
Event: 16.471 Thread 0x0000028266661e30 Exception <a 'java/lang/NoSuchMethodError'{0x00000000d5f306d8}: 'int java.lang.invoke.DirectMethodHandle$Holder.invokeStaticInit(java.lang.Object, java.lang.Object, java.lang.Object)'> (0x00000000d5f306d8) 
thrown [s\src\hotspot\share\interpreter\linkResolver.cpp, line 773]
Event: 16.499 Thread 0x0000028266661e30 Exception <a 'java/lang/IncompatibleClassChangeError'{0x00000000d5fe0400}: Found class java.lang.Object, but interface was expected> (0x00000000d5fe0400) 
thrown [s\src\hotspot\share\interpreter\linkResolver.cpp, line 840]
Event: 16.507 Thread 0x0000028266661e30 Exception <a 'java/lang/NoSuchMethodError'{0x00000000d5ff00e0}: 'java.lang.Object java.lang.invoke.DirectMethodHandle$Holder.invokeSpecial(java.lang.Object, java.lang.Object, java.lang.Object, int, java.lang.Object, java.lang.Object)'> (0x00000000d5ff00e0) 
thrown [s\src\hotspot\share\interpreter\linkResolver.cpp, line 773]
Event: 16.509 Thread 0x0000028266661e30 Exception <a 'java/lang/NoSuchMethodError'{0x00000000d5ff7af8}: 'java.lang.Object java.lang.invoke.DirectMethodHandle$Holder.newInvokeSpecial(java.lang.Object, java.lang.Object, java.lang.Object, int, java.lang.Object)'> (0x00000000d5ff7af8) 
thrown [s\src\hotspot\share\interpreter\linkResolver.cpp, line 773]
Event: 16.511 Thread 0x0000028266661e30 Exception <a 'java/lang/NoSuchMethodError'{0x00000000d5ffbcb8}: 'java.lang.Object java.lang.invoke.DirectMethodHandle$Holder.invokeSpecial(java.lang.Object, java.lang.Object, java.lang.Object, java.lang.Object, int, java.lang.Object)'> (0x00000000d5ffbcb8) 
thrown [s\src\hotspot\share\interpreter\linkResolver.cpp, line 773]
Event: 16.512 Thread 0x0000028266661e30 Exception <a 'java/lang/NoSuchMethodError'{0x00000000d5fff7f8}: 'java.lang.Object java.lang.invoke.Invokers$Holder.linkToTargetMethod(java.lang.Object, java.lang.Object, int, java.lang.Object, java.lang.Object)'> (0x00000000d5fff7f8) 
thrown [s\src\hotspot\share\interpreter\linkResolver.cpp, line 773]
Event: 16.513 Thread 0x0000028266c82a90 Exception <a 'java/lang/NoSuchMethodError'{0x00000000d5f147e0}: 'java.lang.Object java.lang.invoke.DirectMethodHandle$Holder.invokeSpecial(java.lang.Object, java.lang.Object, int, java.lang.Object, java.lang.Object)'> (0x00000000d5f147e0) 
thrown [s\src\hotspot\share\interpreter\linkResolver.cpp, line 773]
Event: 16.577 Thread 0x0000028266661e30 Exception <a 'java/lang/NoSuchMethodError'{0x00000000d6108478}: 'void java.lang.invoke.DirectMethodHandle$Holder.invokeSpecial(java.lang.Object, java.lang.Object, java.lang.Object, java.lang.Object, java.lang.Object)'> (0x00000000d6108478) 
thrown [s\src\hotspot\share\interpreter\linkResolver.cpp, line 773]
Event: 17.434 Thread 0x0000028266661e30 Exception <a 'java/lang/NoSuchMethodError'{0x00000000d68cd5d8}: 'java.lang.Object java.lang.invoke.DirectMethodHandle$Holder.invokeInterface(java.lang.Object, java.lang.Object, java.lang.Object)'> (0x00000000d68cd5d8) 
thrown [s\src\hotspot\share\interpreter\linkResolver.cpp, line 773]
Event: 18.044 Thread 0x0000028266661e30 Exception <a 'java/lang/NoSuchMethodError'{0x00000000d6d54308}: 'java.lang.Object java.lang.invoke.Invokers$Holder.linkToTargetMethod(java.lang.Object, long, java.lang.Object, java.lang.Object)'> (0x00000000d6d54308) 
thrown [s\src\hotspot\share\interpreter\linkResolver.cpp, line 773]

ZGC Phase Switch (0 events):
No events

VM Operations (20 events):
Event: 15.510 Executing non-safepoint VM operation: HandshakeAllThreads (Deoptimize)
Event: 15.510 Executing non-safepoint VM operation: HandshakeAllThreads (Deoptimize) done
Event: 15.616 Executing safepoint VM operation: ParallelGCFailedAllocation (Allocation Failure)
Event: 15.623 Executing safepoint VM operation: ParallelGCFailedAllocation (Allocation Failure) done
Event: 16.092 Executing non-safepoint VM operation: HandshakeAllThreads (Deoptimize)
Event: 16.092 Executing non-safepoint VM operation: HandshakeAllThreads (Deoptimize) done
Event: 16.246 Executing non-safepoint VM operation: HandshakeAllThreads (Deoptimize)
Event: 16.246 Executing non-safepoint VM operation: HandshakeAllThreads (Deoptimize) done
Event: 16.869 Executing non-safepoint VM operation: HandshakeAllThreads (Deoptimize)
Event: 16.869 Executing non-safepoint VM operation: HandshakeAllThreads (Deoptimize) done
Event: 16.869 Executing safepoint VM operation: Cleanup
Event: 16.869 Executing safepoint VM operation: Cleanup done
Event: 17.201 Executing non-safepoint VM operation: HandshakeAllThreads (Deoptimize)
Event: 17.202 Executing non-safepoint VM operation: HandshakeAllThreads (Deoptimize) done
Event: 17.218 Executing non-safepoint VM operation: HandshakeAllThreads (Deoptimize)
Event: 17.218 Executing non-safepoint VM operation: HandshakeAllThreads (Deoptimize) done
Event: 18.075 Executing safepoint VM operation: ParallelGCFailedAllocation (Allocation Failure)
Event: 18.084 Executing safepoint VM operation: ParallelGCFailedAllocation (Allocation Failure) done
Event: 19.086 Executing safepoint VM operation: Cleanup
Event: 19.087 Executing safepoint VM operation: Cleanup done

Memory protections (0 events):
No events

Nmethod flushes (0 events):
No events

Events (20 events):
Event: 5.386 Thread 0x000002826600c090 Thread added: 0x0000028266808380
Event: 5.666 Thread 0x0000028266808380 Thread exited: 0x0000028266808380
Event: 5.859 Thread 0x0000028249a6be50 Thread added: 0x00000282665babf0
Event: 5.976 Thread 0x00000282665babf0 Thread exited: 0x00000282665babf0
Event: 6.320 Thread 0x0000028247708ad0 Thread added: 0x0000028266970120
Event: 7.644 Thread 0x0000028247708ad0 Thread added: 0x0000028266990fc0
Event: 7.796 Thread 0x0000028266990fc0 Thread added: 0x0000028266a525c0
Event: 7.814 Thread 0x0000028247708ad0 Thread added: 0x0000028266661e30
Event: 8.610 Thread 0x000002826600c090 Thread added: 0x00000282662c8f50
Event: 8.611 Thread 0x000002826600c090 Thread added: 0x0000028266bc1f80
Event: 9.005 Thread 0x0000028266bc1f80 Thread exited: 0x0000028266bc1f80
Event: 9.005 Thread 0x00000282662c8f50 Thread exited: 0x00000282662c8f50
Event: 9.666 Thread 0x0000028266661e30 Thread added: 0x0000028267246790
Event: 13.248 Thread 0x0000028266661e30 Thread added: 0x0000028266965450
Event: 14.920 Thread 0x0000028266661e30 Thread added: 0x0000028266e775f0
Event: 16.310 Thread 0x0000028266661e30 Thread added: 0x0000028266c81d70
Event: 16.435 Thread 0x0000028266661e30 Thread added: 0x0000028266c82a90
Event: 16.514 Thread 0x0000028266661e30 Thread added: 0x0000028266c82400
Event: 18.416 Thread 0x0000028249a6be50 Thread added: 0x000002826708b7c0
Event: 18.617 Thread 0x000002826708b7c0 Thread exited: 0x000002826708b7c0


Dynamic libraries:
0x00007ff6a93b0000 - 0x00007ff6a93be000 	c:\Users\devip\.antigravity-ide\extensions\redhat.java-1.54.0-win32-x64\jre\21.0.10-win32-x86_64\bin\java.exe
0x00007ffb2e240000 - 0x00007ffb2e4a7000 	C:\windows\SYSTEM32\ntdll.dll
0x00007ffb2c850000 - 0x00007ffb2c919000 	C:\windows\System32\KERNEL32.DLL
0x00007ffb2b290000 - 0x00007ffb2b687000 	C:\windows\System32\KERNELBASE.dll
0x00007ffb2af10000 - 0x00007ffb2b05b000 	C:\windows\System32\ucrtbase.dll
0x00007ffaf8010000 - 0x00007ffaf8028000 	c:\Users\devip\.antigravity-ide\extensions\redhat.java-1.54.0-win32-x64\jre\21.0.10-win32-x86_64\bin\jli.dll
0x00007ffb2d790000 - 0x00007ffb2d956000 	C:\windows\System32\USER32.dll
0x00007ffb2ac70000 - 0x00007ffb2ac97000 	C:\windows\System32\win32u.dll
0x00007ffafc3a0000 - 0x00007ffafc3be000 	c:\Users\devip\.antigravity-ide\extensions\redhat.java-1.54.0-win32-x64\jre\21.0.10-win32-x86_64\bin\VCRUNTIME140.dll
0x00007ffb2c040000 - 0x00007ffb2c06b000 	C:\windows\System32\GDI32.dll
0x00007ffb2ade0000 - 0x00007ffb2af0c000 	C:\windows\System32\gdi32full.dll
0x00007ffb2aca0000 - 0x00007ffb2ad43000 	C:\windows\System32\msvcp_win.dll
0x00007ffb1b2b0000 - 0x00007ffb1b542000 	C:\windows\WinSxS\amd64_microsoft.windows.common-controls_6595b64144ccf1df_6.0.26100.8457_none_3e0b2faee331e92d\COMCTL32.dll
0x00007ffb2c580000 - 0x00007ffb2c629000 	C:\windows\System32\msvcrt.dll
0x00007ffb2c2e0000 - 0x00007ffb2c312000 	C:\windows\System32\IMM32.DLL
0x00007ffb07f80000 - 0x00007ffb07f8c000 	c:\Users\devip\.antigravity-ide\extensions\redhat.java-1.54.0-win32-x64\jre\21.0.10-win32-x86_64\bin\vcruntime140_1.dll
0x00007ffad3ce0000 - 0x00007ffad3d6d000 	c:\Users\devip\.antigravity-ide\extensions\redhat.java-1.54.0-win32-x64\jre\21.0.10-win32-x86_64\bin\msvcp140.dll
0x00007ffa58190000 - 0x00007ffa58f31000 	c:\Users\devip\.antigravity-ide\extensions\redhat.java-1.54.0-win32-x64\jre\21.0.10-win32-x86_64\bin\server\jvm.dll
0x00007ffb2c4c0000 - 0x00007ffb2c576000 	C:\windows\System32\ADVAPI32.dll
0x00007ffb2c210000 - 0x00007ffb2c2b7000 	C:\windows\System32\sechost.dll
0x00007ffb2d670000 - 0x00007ffb2d788000 	C:\windows\System32\RPCRT4.dll
0x00007ffb2d560000 - 0x00007ffb2d5e0000 	C:\windows\System32\WS2_32.dll
0x00007ffb2aad0000 - 0x00007ffb2ab2e000 	C:\windows\SYSTEM32\POWRPROF.dll
0x00007ffb1f7b0000 - 0x00007ffb1f7e6000 	C:\windows\SYSTEM32\WINMM.dll
0x00007ffb234d0000 - 0x00007ffb234db000 	C:\windows\SYSTEM32\VERSION.dll
0x00007ffb2aab0000 - 0x00007ffb2aac4000 	C:\windows\SYSTEM32\UMPDC.dll
0x00007ffb29a00000 - 0x00007ffb29a1b000 	C:\windows\SYSTEM32\kernel.appcore.dll
0x00007ffb05c10000 - 0x00007ffb05c1a000 	c:\Users\devip\.antigravity-ide\extensions\redhat.java-1.54.0-win32-x64\jre\21.0.10-win32-x86_64\bin\jimage.dll
0x00007ffb18a50000 - 0x00007ffb18c92000 	C:\windows\SYSTEM32\DBGHELP.DLL
0x00007ffb2c930000 - 0x00007ffb2ccb3000 	C:\windows\System32\combase.dll
0x00007ffb2c070000 - 0x00007ffb2c149000 	C:\windows\System32\OLEAUT32.dll
0x00007ffb06ff0000 - 0x00007ffb0702b000 	C:\windows\SYSTEM32\dbgcore.DLL
0x00007ffb2b1e0000 - 0x00007ffb2b288000 	C:\windows\System32\bcryptPrimitives.dll
0x00007ffb05c90000 - 0x00007ffb05c9f000 	c:\Users\devip\.antigravity-ide\extensions\redhat.java-1.54.0-win32-x64\jre\21.0.10-win32-x86_64\bin\instrument.dll
0x00007ffaf7f70000 - 0x00007ffaf7f90000 	c:\Users\devip\.antigravity-ide\extensions\redhat.java-1.54.0-win32-x64\jre\21.0.10-win32-x86_64\bin\java.dll
0x00007ffb2d980000 - 0x00007ffb2e0ee000 	C:\windows\System32\SHELL32.dll
0x00007ffb2b690000 - 0x00007ffb2befc000 	C:\windows\System32\windows.storage.dll
0x00007ffb2c3c0000 - 0x00007ffb2c4b6000 	C:\windows\System32\SHCORE.dll
0x00007ffb2d390000 - 0x00007ffb2d3f6000 	C:\windows\System32\shlwapi.dll
0x00007ffb2ab90000 - 0x00007ffb2abb9000 	C:\windows\SYSTEM32\profapi.dll
0x00007ffb05a10000 - 0x00007ffb05a28000 	c:\Users\devip\.antigravity-ide\extensions\redhat.java-1.54.0-win32-x64\jre\21.0.10-win32-x86_64\bin\zip.dll
0x00007ffb02690000 - 0x00007ffb026a0000 	C:\Users\devip\.antigravity-ide\extensions\redhat.java-1.54.0-win32-x64\jre\21.0.10-win32-x86_64\bin\net.dll
0x00007ffb23230000 - 0x00007ffb23359000 	C:\windows\SYSTEM32\WINHTTP.dll
0x00007ffb29f70000 - 0x00007ffb29fdc000 	C:\windows\system32\mswsock.dll
0x00007ffaf8040000 - 0x00007ffaf8056000 	C:\Users\devip\.antigravity-ide\extensions\redhat.java-1.54.0-win32-x64\jre\21.0.10-win32-x86_64\bin\nio.dll
0x00007ffafc040000 - 0x00007ffafc050000 	c:\Users\devip\.antigravity-ide\extensions\redhat.java-1.54.0-win32-x64\jre\21.0.10-win32-x86_64\bin\verify.dll
0x00007ffae5320000 - 0x00007ffae5365000 	C:\Users\devip\AppData\Roaming\Antigravity IDE\User\globalStorage\redhat.java\1.54.0\config_win\org.eclipse.equinox.launcher\org.eclipse.equinox.launcher.win32.win32.x86_64_1.3.0.v20260203-2149\eclipse_11919.dll
0x00007ffb2c630000 - 0x00007ffb2c7c7000 	C:\windows\System32\ole32.dll
0x00007ffb2a260000 - 0x00007ffb2a27b000 	C:\windows\SYSTEM32\CRYPTSP.dll
0x00007ffb29960000 - 0x00007ffb29999000 	C:\windows\system32\rsaenh.dll
0x00007ffb2a020000 - 0x00007ffb2a053000 	C:\windows\SYSTEM32\USERENV.dll
0x00007ffb2ab60000 - 0x00007ffb2ab8a000 	C:\windows\SYSTEM32\bcrypt.dll
0x00007ffb2a250000 - 0x00007ffb2a25c000 	C:\windows\SYSTEM32\CRYPTBASE.dll
0x00007ffb293f0000 - 0x00007ffb29422000 	C:\windows\SYSTEM32\IPHLPAPI.DLL
0x00007ffb2c920000 - 0x00007ffb2c92a000 	C:\windows\System32\NSI.dll
0x00007ffad3890000 - 0x00007ffad38d9000 	C:\Users\devip\AppData\Local\Temp\jna-95477756\jna15811883577335349622.dll
0x00007ffb2c320000 - 0x00007ffb2c328000 	C:\windows\System32\PSAPI.DLL

JVMTI agents:
c:\Users\devip\.antigravity-ide\extensions\redhat.java-1.54.0-win32-x64\lombok\lombok-1.18.39-4050.jar path:c:\Users\devip\.antigravity-ide\extensions\redhat.java-1.54.0-win32-x64\jre\21.0.10-win32-x86_64\bin\instrument.dll, loaded, initialized, instrumentlib options:none

dbghelp: loaded successfully - version: 4.0.5 - missing functions: none
symbol engine: initialized successfully - sym options: 0x614 - pdb path: .;c:\Users\devip\.antigravity-ide\extensions\redhat.java-1.54.0-win32-x64\jre\21.0.10-win32-x86_64\bin;C:\windows\SYSTEM32;C:\windows\WinSxS\amd64_microsoft.windows.common-controls_6595b64144ccf1df_6.0.26100.8457_none_3e0b2faee331e92d;c:\Users\devip\.antigravity-ide\extensions\redhat.java-1.54.0-win32-x64\jre\21.0.10-win32-x86_64\bin\server;C:\Users\devip\AppData\Roaming\Antigravity IDE\User\globalStorage\redhat.java\1.54.0\config_win\org.eclipse.equinox.launcher\org.eclipse.equinox.launcher.win32.win32.x86_64_1.3.0.v20260203-2149;C:\Users\devip\AppData\Local\Temp\jna-95477756

VM Arguments:
jvm_args: --add-modules=ALL-SYSTEM --add-opens=java.base/java.util=ALL-UNNAMED --add-opens=java.base/java.lang=ALL-UNNAMED --add-opens=java.base/sun.nio.fs=ALL-UNNAMED -Declipse.application=org.eclipse.jdt.ls.core.id1 -Dosgi.bundles.defaultStartLevel=4 -Declipse.product=org.eclipse.jdt.ls.core.product -Djava.import.generatesMetadataFilesAtProjectRoot=false -DDetectVMInstallationsJob.disabled=true -Dfile.encoding=utf8 -XX:+UseParallelGC -XX:GCTimeRatio=4 -XX:AdaptiveSizePolicyWeight=90 -Dsun.zip.disableMemoryMapping=true -Xmx2G -Xms100m -Xlog:disable -javaagent:c:\Users\devip\.antigravity-ide\extensions\redhat.java-1.54.0-win32-x64\lombok\lombok-1.18.39-4050.jar -XX:+HeapDumpOnOutOfMemoryError -XX:HeapDumpPath=c:\Users\devip\AppData\Roaming\Antigravity IDE\User\workspaceStorage\3ffd7fcce5923e144a1c7dc54c266ad5\redhat.java -Daether.dependencyCollector.impl=bf 
java_command: c:\Users\devip\.antigravity-ide\extensions\redhat.java-1.54.0-win32-x64\server\plugins\org.eclipse.equinox.launcher_1.7.100.v20251111-0406.jar -configuration c:\Users\devip\AppData\Roaming\Antigravity IDE\User\globalStorage\redhat.java\1.54.0\config_win -data c:\Users\devip\AppData\Roaming\Antigravity IDE\User\workspaceStorage\3ffd7fcce5923e144a1c7dc54c266ad5\redhat.java\jdt_ws --pipe=\\.\pipe\lsp-4563ea9988676d2f6e28e04edd85177d-sock
java_class_path (initial): c:\Users\devip\.antigravity-ide\extensions\redhat.java-1.54.0-win32-x64\server\plugins\org.eclipse.equinox.launcher_1.7.100.v20251111-0406.jar
Launcher Type: SUN_STANDARD

[Global flags]
    uintx AdaptiveSizePolicyWeight                 = 90                                        {product} {command line}
     intx CICompilerCount                          = 4                                         {product} {ergonomic}
    uintx GCTimeRatio                              = 4                                         {product} {command line}
     bool HeapDumpOnOutOfMemoryError               = true                                   {manageable} {command line}
    ccstr HeapDumpPath                             = c:\Users\devip\AppData\Roaming\Antigravity IDE\User\workspaceStorage\3ffd7fcce5923e144a1c7dc54c266ad5\redhat.java         {manageable} {command line}
   size_t InitialHeapSize                          = 104857600                                 {product} {command line}
   size_t MaxHeapSize                              = 2147483648                                {product} {command line}
   size_t MaxNewSize                               = 715653120                                 {product} {ergonomic}
   size_t MinHeapDeltaBytes                        = 524288                                    {product} {ergonomic}
   size_t MinHeapSize                              = 104857600                                 {product} {command line}
   size_t NewSize                                  = 34603008                                  {product} {ergonomic}
    uintx NonNMethodCodeHeapSize                   = 5839372                                {pd product} {ergonomic}
    uintx NonProfiledCodeHeapSize                  = 122909434                              {pd product} {ergonomic}
   size_t OldSize                                  = 70254592                                  {product} {ergonomic}
    uintx ProfiledCodeHeapSize                     = 122909434                              {pd product} {ergonomic}
    uintx ReservedCodeCacheSize                    = 251658240                              {pd product} {ergonomic}
     bool SegmentedCodeCache                       = true                                      {product} {ergonomic}
   size_t SoftMaxHeapSize                          = 2147483648                             {manageable} {ergonomic}
     bool UseCompressedOops                        = true                           {product lp64_product} {ergonomic}
     bool UseLargePagesIndividualAllocation        = false                                  {pd product} {ergonomic}
     bool UseParallelGC                            = true                                      {product} {command line}

Logging:
Log output configuration:
 #0: stdout all=off uptime,level,tags foldmultilines=false
 #1: stderr all=off uptime,level,tags foldmultilines=false

Release file:
JAVA_VERSION="21.0.10" 
MODULES="java.base java.compiler java.datatransfer java.xml java.prefs java.desktop java.instrument java.logging java.management java.security.sasl java.naming java.rmi java.management.rmi java.net.http java.scripting java.security.jgss java.transaction.xa java.sql java.sql.rowset java.xml.crypto java.se java.smartcardio jdk.accessibility jdk.internal.jvmstat jdk.attach jdk.charsets jdk.internal.opt jdk.zipfs jdk.compiler jdk.crypto.ec jdk.crypto.cryptoki jdk.crypto.mscapi jdk.dynalink jdk.internal.ed jdk.editpad jdk.hotspot.agent jdk.httpserver jdk.internal.le jdk.internal.vm.ci jdk.internal.vm.compiler jdk.internal.vm.compiler.management jdk.jartool jdk.javadoc jdk.jcmd jdk.management jdk.management.agent jdk.jconsole jdk.jdeps jdk.jdwp.agent jdk.jdi jdk.jfr jdk.jshell jdk.jsobject jdk.jstatd jdk.localedata jdk.management.jfr jdk.naming.dns jdk.naming.rmi jdk.net jdk.nio.mapmode jdk.random jdk.sctp jdk.security.auth jdk.security.jgss jdk.unsupported jdk.unsupported.desktop jdk.xml.dom" 

Environment Variables:
PATH=C:\Program Files\Common Files\Oracle\Java\javapath;C:\windows\system32;C:\windows;C:\windows\System32\Wbem;C:\windows\System32\WindowsPowerShell\v1.0\;C:\windows\System32\OpenSSH\;C:\Program Files\Git\cmd;C:\Program Files\Java\jdk-25.0.2\bin;C:\Program Files\Java\jdk-25.0.2\bin;C:\Program Files\Java\latest\jdk-25\bin;C:\Program Files\nodejs\;C:\Program Files\Docker\Docker\resources\bin;C:\Program Files\MySQL\MySQL Shell 8.0\bin\;c:\Users\devip\AppData\Local\Programs\cursor\resources\app\codeBin;C:\Users\devip\AppData\Local\Microsoft\WindowsApps;C:\Users\devip\AppData\Local\Programs\Microsoft VS Code\bin;C:\Users\devip\AppData\Roaming\npm;C:\Users\devip\AppData\Local\Programs\cursor\resources\app\bin;C:\Users\devip\AppData\Local\Programs\Antigravity\bin;C:\Users\devip\AppData\Local\Programs\IntelliJ IDEA 2026.1\bin;C:\Users\devip\AppData\Local\Programs\Antigravity IDE\bin
USERNAME=devip
OS=Windows_NT
PROCESSOR_IDENTIFIER=AMD64 Family 23 Model 160 Stepping 0, AuthenticAMD
TMP=C:\Users\devip\AppData\Local\Temp
TEMP=C:\Users\devip\AppData\Local\Temp




Periodic native trim disabled

---------------  S Y S T E M  ---------------

OS:
 Windows 11 , 64 bit Build 26100 (10.0.26100.8328)
OS uptime: 2 days 21:52 hours
Hyper-V role detected

CPU: total 8 (initial active 8) (8 cores per cpu, 2 threads per core) family 23 model 160 stepping 0 microcode 0x8a0000b, cx8, cmov, fxsr, ht, mmx, 3dnowpref, sse, sse2, sse3, ssse3, sse4a, sse4.1, sse4.2, popcnt, lzcnt, tsc, tscinvbit, avx, avx2, aes, clmul, bmi1, bmi2, adx, sha, fma, vzeroupper, clflush, clflushopt, hv, rdtscp, rdpid, f16c
Processor Information for the first 8 processors :
  Max Mhz: 2801, Current Mhz: 2483, Mhz Limit: 2801

Memory: 4k page, system-wide physical 15610M (1457M free)
TotalPageFile size 21547M (AvailPageFile size 1M)
current process WorkingSet (physical memory assigned to process): 143M, peak: 145M
current process commit charge ("private bytes"): 277M, peak: 279M

vm_info: OpenJDK 64-Bit Server VM (21.0.10+7-LTS) for windows-amd64 JRE (21.0.10+7-LTS), built on 2026-01-20T00:00:00Z by "admin" with MS VC++ 17.12 (VS2022)

END.
